../Core/Src/main.c:97:1:__io_putchar	16	static
../Core/Src/main.c:113:5:main	24	static
../Core/Src/main.c:178:6:SystemClock_Config	88	static
../Core/Src/main.c:236:13:MX_ADC1_Init	24	static
../Core/Src/main.c:288:13:MX_DAC_Init	16	static
../Core/Src/main.c:328:13:MX_ETH_Init	8	static
../Core/Src/main.c:377:13:MX_TIM2_Init	40	static
../Core/Src/main.c:422:13:MX_USART3_UART_Init	8	static
../Core/Src/main.c:457:13:MX_USB_OTG_FS_PCD_Init	8	static
../Core/Src/main.c:490:13:MX_DMA_Init	16	static
../Core/Src/main.c:512:13:MX_GPIO_Init	56	static
../Core/Src/main.c:579:6:Error_Handler	4	static,ignoring_inline_asm
