../Core/Src/main.c:97:1:__io_putchar	16	static
../Core/Src/main.c:112:6:HAL_GPIO_EXTI_Callback	16	static
../Core/Src/main.c:124:5:main	40	static
../Core/Src/main.c:191:6:SystemClock_Config	88	static
../Core/Src/main.c:249:13:MX_ADC1_Init	24	static
../Core/Src/main.c:319:13:MX_DAC_Init	16	static
../Core/Src/main.c:359:13:MX_ETH_Init	8	static
../Core/Src/main.c:408:13:MX_TIM2_Init	40	static
../Core/Src/main.c:453:13:MX_USART3_UART_Init	8	static
../Core/Src/main.c:488:13:MX_USB_OTG_FS_PCD_Init	8	static
../Core/Src/main.c:521:13:MX_DMA_Init	16	static
../Core/Src/main.c:543:13:MX_GPIO_Init	56	static
../Core/Src/main.c:614:6:Error_Handler	4	static,ignoring_inline_asm
